
zad2.elf:     file format elf32-avr

Sections:
Idx Name          Size      VMA       LMA       File off  Algn
  0 .data         00000010  00800100  000007d2  00000866  2**0
                  CONTENTS, ALLOC, LOAD, DATA
  1 .text         000007d2  00000000  00000000  00000094  2**1
                  CONTENTS, ALLOC, LOAD, READONLY, CODE
  2 .bss          00000014  00800110  00800110  00000876  2**0
                  ALLOC
  3 .stab         0000084c  00000000  00000000  00000878  2**2
                  CONTENTS, READONLY, DEBUGGING
  4 .stabstr      00000ea7  00000000  00000000  000010c4  2**0
                  CONTENTS, READONLY, DEBUGGING
  5 .comment      00000011  00000000  00000000  00001f6b  2**0
                  CONTENTS, READONLY
  6 .note.gnu.avr.deviceinfo 00000040  00000000  00000000  00001f7c  2**2
                  CONTENTS, READONLY
  7 .debug_info   000005f4  00000000  00000000  00001fbc  2**0
                  CONTENTS, READONLY, DEBUGGING
  8 .debug_abbrev 000005a2  00000000  00000000  000025b0  2**0
                  CONTENTS, READONLY, DEBUGGING
  9 .debug_line   0000001a  00000000  00000000  00002b52  2**0
                  CONTENTS, READONLY, DEBUGGING
 10 .debug_str    00000208  00000000  00000000  00002b6c  2**0
                  CONTENTS, READONLY, DEBUGGING

Disassembly of section .text:

00000000 <__vectors>:
   0:	0c 94 34 00 	jmp	0x68	; 0x68 <__ctors_end>
   4:	0c 94 51 00 	jmp	0xa2	; 0xa2 <__bad_interrupt>
   8:	0c 94 51 00 	jmp	0xa2	; 0xa2 <__bad_interrupt>
   c:	0c 94 51 00 	jmp	0xa2	; 0xa2 <__bad_interrupt>
  10:	0c 94 51 00 	jmp	0xa2	; 0xa2 <__bad_interrupt>
  14:	0c 94 51 00 	jmp	0xa2	; 0xa2 <__bad_interrupt>
  18:	0c 94 51 00 	jmp	0xa2	; 0xa2 <__bad_interrupt>
  1c:	0c 94 51 00 	jmp	0xa2	; 0xa2 <__bad_interrupt>
  20:	0c 94 51 00 	jmp	0xa2	; 0xa2 <__bad_interrupt>
  24:	0c 94 51 00 	jmp	0xa2	; 0xa2 <__bad_interrupt>
  28:	0c 94 51 00 	jmp	0xa2	; 0xa2 <__bad_interrupt>
  2c:	0c 94 51 00 	jmp	0xa2	; 0xa2 <__bad_interrupt>
  30:	0c 94 51 00 	jmp	0xa2	; 0xa2 <__bad_interrupt>
  34:	0c 94 51 00 	jmp	0xa2	; 0xa2 <__bad_interrupt>
  38:	0c 94 51 00 	jmp	0xa2	; 0xa2 <__bad_interrupt>
  3c:	0c 94 51 00 	jmp	0xa2	; 0xa2 <__bad_interrupt>
  40:	0c 94 51 00 	jmp	0xa2	; 0xa2 <__bad_interrupt>
  44:	0c 94 51 00 	jmp	0xa2	; 0xa2 <__bad_interrupt>
  48:	0c 94 51 00 	jmp	0xa2	; 0xa2 <__bad_interrupt>
  4c:	0c 94 51 00 	jmp	0xa2	; 0xa2 <__bad_interrupt>
  50:	0c 94 51 00 	jmp	0xa2	; 0xa2 <__bad_interrupt>
  54:	0c 94 51 00 	jmp	0xa2	; 0xa2 <__bad_interrupt>
  58:	0c 94 51 00 	jmp	0xa2	; 0xa2 <__bad_interrupt>
  5c:	0c 94 51 00 	jmp	0xa2	; 0xa2 <__bad_interrupt>
  60:	0c 94 51 00 	jmp	0xa2	; 0xa2 <__bad_interrupt>
  64:	0c 94 51 00 	jmp	0xa2	; 0xa2 <__bad_interrupt>

00000068 <__ctors_end>:
  68:	11 24       	eor	r1, r1
  6a:	1f be       	out	0x3f, r1	; 63
  6c:	cf ef       	ldi	r28, 0xFF	; 255
  6e:	d8 e0       	ldi	r29, 0x08	; 8
  70:	de bf       	out	0x3e, r29	; 62
  72:	cd bf       	out	0x3d, r28	; 61

00000074 <__do_copy_data>:
  74:	11 e0       	ldi	r17, 0x01	; 1
  76:	a0 e0       	ldi	r26, 0x00	; 0
  78:	b1 e0       	ldi	r27, 0x01	; 1
  7a:	e2 ed       	ldi	r30, 0xD2	; 210
  7c:	f7 e0       	ldi	r31, 0x07	; 7
  7e:	02 c0       	rjmp	.+4      	; 0x84 <__do_copy_data+0x10>
  80:	05 90       	lpm	r0, Z+
  82:	0d 92       	st	X+, r0
  84:	a0 31       	cpi	r26, 0x10	; 16
  86:	b1 07       	cpc	r27, r17
  88:	d9 f7       	brne	.-10     	; 0x80 <__do_copy_data+0xc>

0000008a <__do_clear_bss>:
  8a:	21 e0       	ldi	r18, 0x01	; 1
  8c:	a0 e1       	ldi	r26, 0x10	; 16
  8e:	b1 e0       	ldi	r27, 0x01	; 1
  90:	01 c0       	rjmp	.+2      	; 0x94 <.do_clear_bss_start>

00000092 <.do_clear_bss_loop>:
  92:	1d 92       	st	X+, r1

00000094 <.do_clear_bss_start>:
  94:	a4 32       	cpi	r26, 0x24	; 36
  96:	b2 07       	cpc	r27, r18
  98:	e1 f7       	brne	.-8      	; 0x92 <.do_clear_bss_loop>
  9a:	0e 94 80 00 	call	0x100	; 0x100 <main>
  9e:	0c 94 e7 03 	jmp	0x7ce	; 0x7ce <_exit>

000000a2 <__bad_interrupt>:
  a2:	0c 94 00 00 	jmp	0	; 0x0 <__vectors>

000000a6 <uart_transmit>:

// transmisja jednego znaku
int uart_transmit(char data, FILE *stream)
{
  // czekaj aż transmiter gotowy
  while(!(UCSR0A & _BV(UDRE0)));
  a6:	90 91 c0 00 	lds	r25, 0x00C0	; 0x8000c0 <__TEXT_REGION_LENGTH__+0x7f80c0>
  aa:	95 ff       	sbrs	r25, 5
  ac:	fc cf       	rjmp	.-8      	; 0xa6 <uart_transmit>
  UDR0 = data;
  ae:	80 93 c6 00 	sts	0x00C6, r24	; 0x8000c6 <__TEXT_REGION_LENGTH__+0x7f80c6>
  return 0;
}
  b2:	80 e0       	ldi	r24, 0x00	; 0
  b4:	90 e0       	ldi	r25, 0x00	; 0
  b6:	08 95       	ret

000000b8 <uart_receive>:

// odczyt jednego znaku
int uart_receive(FILE *stream)
{
  // czekaj aż znak dostępny
  while (!(UCSR0A & _BV(RXC0)));
  b8:	80 91 c0 00 	lds	r24, 0x00C0	; 0x8000c0 <__TEXT_REGION_LENGTH__+0x7f80c0>
  bc:	87 ff       	sbrs	r24, 7
  be:	fc cf       	rjmp	.-8      	; 0xb8 <uart_receive>
  return UDR0;
  c0:	80 91 c6 00 	lds	r24, 0x00C6	; 0x8000c6 <__TEXT_REGION_LENGTH__+0x7f80c6>
}
  c4:	90 e0       	ldi	r25, 0x00	; 0
  c6:	08 95       	ret

000000c8 <uart_init>:
#define LED_PORT PORTD

// inicjalizacja UART
void uart_init()
{
  LED_DDR |= _BV(LED);
  c8:	52 9a       	sbi	0x0a, 2	; 10
  // ustaw baudrate
  UBRR0 = UBRR_VALUE;
  ca:	87 e6       	ldi	r24, 0x67	; 103
  cc:	90 e0       	ldi	r25, 0x00	; 0
  ce:	90 93 c5 00 	sts	0x00C5, r25	; 0x8000c5 <__TEXT_REGION_LENGTH__+0x7f80c5>
  d2:	80 93 c4 00 	sts	0x00C4, r24	; 0x8000c4 <__TEXT_REGION_LENGTH__+0x7f80c4>
  // włącz odbiornik i nadajnik
  UCSR0B = _BV(RXEN0) | _BV(TXEN0);
  d6:	88 e1       	ldi	r24, 0x18	; 24
  d8:	80 93 c1 00 	sts	0x00C1, r24	; 0x8000c1 <__TEXT_REGION_LENGTH__+0x7f80c1>
  // ustaw format 8n1
  UCSR0C = _BV(UCSZ00) | _BV(UCSZ01);
  dc:	86 e0       	ldi	r24, 0x06	; 6
  de:	80 93 c2 00 	sts	0x00C2, r24	; 0x8000c2 <__TEXT_REGION_LENGTH__+0x7f80c2>
  e2:	08 95       	ret

000000e4 <adc_init>:
}

// inicjalizacja ADC
void adc_init()
{
  ADMUX   = _BV(REFS0) |  _BV(MUX3) | _BV(MUX2) | _BV(MUX1); // referencja AVcc, wejście ADC0
  e4:	8e e4       	ldi	r24, 0x4E	; 78
  e6:	80 93 7c 00 	sts	0x007C, r24	; 0x80007c <__TEXT_REGION_LENGTH__+0x7f807c>
  DIDR0   = _BV(ADC0D); // wyłącz wejście cyfrowe na ADC0
  ea:	81 e0       	ldi	r24, 0x01	; 1
  ec:	80 93 7e 00 	sts	0x007E, r24	; 0x80007e <__TEXT_REGION_LENGTH__+0x7f807e>
  // częstotliwość zegara ADC 125 kHz (16 MHz / 128)
  ADCSRA  =  _BV(ADPS0) | _BV(ADPS1) | _BV(ADPS2); // preskaler 128
  f0:	ea e7       	ldi	r30, 0x7A	; 122
  f2:	f0 e0       	ldi	r31, 0x00	; 0
  f4:	87 e0       	ldi	r24, 0x07	; 7
  f6:	80 83       	st	Z, r24
  ADCSRA |= _BV(ADEN); // włącz ADC
  f8:	80 81       	ld	r24, Z
  fa:	80 68       	ori	r24, 0x80	; 128
  fc:	80 83       	st	Z, r24
  fe:	08 95       	ret

00000100 <main>:

FILE uart_file;

int main()
{
  LED_DDR |= _BV(LED);
 100:	52 9a       	sbi	0x0a, 2	; 10
#define LED_PORT PORTD

// inicjalizacja UART
void uart_init()
{
  LED_DDR |= _BV(LED);
 102:	52 9a       	sbi	0x0a, 2	; 10
  // ustaw baudrate
  UBRR0 = UBRR_VALUE;
 104:	87 e6       	ldi	r24, 0x67	; 103
 106:	90 e0       	ldi	r25, 0x00	; 0
 108:	90 93 c5 00 	sts	0x00C5, r25	; 0x8000c5 <__TEXT_REGION_LENGTH__+0x7f80c5>
 10c:	80 93 c4 00 	sts	0x00C4, r24	; 0x8000c4 <__TEXT_REGION_LENGTH__+0x7f80c4>
  // włącz odbiornik i nadajnik
  UCSR0B = _BV(RXEN0) | _BV(TXEN0);
 110:	88 e1       	ldi	r24, 0x18	; 24
 112:	80 93 c1 00 	sts	0x00C1, r24	; 0x8000c1 <__TEXT_REGION_LENGTH__+0x7f80c1>
  // ustaw format 8n1
  UCSR0C = _BV(UCSZ00) | _BV(UCSZ01);
 116:	86 e0       	ldi	r24, 0x06	; 6
 118:	80 93 c2 00 	sts	0x00C2, r24	; 0x8000c2 <__TEXT_REGION_LENGTH__+0x7f80c2>
{
  LED_DDR |= _BV(LED);
  // zainic9jalizuj UART
  uart_init();
  // skonfiguruj strumienie wejścia/wyjścia
  fdev_setup_stream(&uart_file, uart_transmit, uart_receive, _FDEV_SETUP_RW);
 11c:	80 e1       	ldi	r24, 0x10	; 16
 11e:	91 e0       	ldi	r25, 0x01	; 1
 120:	23 e5       	ldi	r18, 0x53	; 83
 122:	30 e0       	ldi	r19, 0x00	; 0
 124:	30 93 19 01 	sts	0x0119, r19	; 0x800119 <__data_end+0x9>
 128:	20 93 18 01 	sts	0x0118, r18	; 0x800118 <__data_end+0x8>
 12c:	2c e5       	ldi	r18, 0x5C	; 92
 12e:	30 e0       	ldi	r19, 0x00	; 0
 130:	30 93 1b 01 	sts	0x011B, r19	; 0x80011b <__data_end+0xb>
 134:	20 93 1a 01 	sts	0x011A, r18	; 0x80011a <__data_end+0xa>
 138:	23 e0       	ldi	r18, 0x03	; 3
 13a:	20 93 13 01 	sts	0x0113, r18	; 0x800113 <__data_end+0x3>
 13e:	10 92 1d 01 	sts	0x011D, r1	; 0x80011d <__data_end+0xd>
 142:	10 92 1c 01 	sts	0x011C, r1	; 0x80011c <__data_end+0xc>
  stdin = stdout = stderr = &uart_file;
 146:	90 93 23 01 	sts	0x0123, r25	; 0x800123 <__iob+0x5>
 14a:	80 93 22 01 	sts	0x0122, r24	; 0x800122 <__iob+0x4>
 14e:	90 93 21 01 	sts	0x0121, r25	; 0x800121 <__iob+0x3>
 152:	80 93 20 01 	sts	0x0120, r24	; 0x800120 <__iob+0x2>
 156:	90 93 1f 01 	sts	0x011F, r25	; 0x80011f <__iob+0x1>
 15a:	80 93 1e 01 	sts	0x011E, r24	; 0x80011e <__iob>
}

// inicjalizacja ADC
void adc_init()
{
  ADMUX   = _BV(REFS0) |  _BV(MUX3) | _BV(MUX2) | _BV(MUX1); // referencja AVcc, wejście ADC0
 15e:	8e e4       	ldi	r24, 0x4E	; 78
 160:	80 93 7c 00 	sts	0x007C, r24	; 0x80007c <__TEXT_REGION_LENGTH__+0x7f807c>
  DIDR0   = _BV(ADC0D); // wyłącz wejście cyfrowe na ADC0
 164:	81 e0       	ldi	r24, 0x01	; 1
 166:	80 93 7e 00 	sts	0x007E, r24	; 0x80007e <__TEXT_REGION_LENGTH__+0x7f807e>
  // częstotliwość zegara ADC 125 kHz (16 MHz / 128)
  ADCSRA  =  _BV(ADPS0) | _BV(ADPS1) | _BV(ADPS2); // preskaler 128
 16a:	87 e0       	ldi	r24, 0x07	; 7
 16c:	80 93 7a 00 	sts	0x007A, r24	; 0x80007a <__TEXT_REGION_LENGTH__+0x7f807a>
  ADCSRA |= _BV(ADEN); // włącz ADC
 170:	80 91 7a 00 	lds	r24, 0x007A	; 0x80007a <__TEXT_REGION_LENGTH__+0x7f807a>
 174:	80 68       	ori	r24, 0x80	; 128
 176:	80 93 7a 00 	sts	0x007A, r24	; 0x80007a <__TEXT_REGION_LENGTH__+0x7f807a>
  fdev_setup_stream(&uart_file, uart_transmit, uart_receive, _FDEV_SETUP_RW);
  stdin = stdout = stderr = &uart_file;
  // zainicjalizuj ADC
  adc_init();
  // mierz napięcie
  uint8_t i = 0;
 17a:	c0 e0       	ldi	r28, 0x00	; 0
    i= i%8;
    ADCSRA |= _BV(ADSC); // wykonaj konwersję
    while (!(ADCSRA & _BV(ADIF))); // czekaj na wynik
    ADCSRA |= _BV(ADIF); // wyczyść bit ADIF (pisząc 1!)LED_DDR |= _BV(LED);
    int v = Vx/ADC; // weź zmierzoną wartość (0..1023)
    printf("Odczytano: %d\r\n", v);
 17c:	8c ef       	ldi	r24, 0xFC	; 252
 17e:	e8 2e       	mov	r14, r24
 180:	8b e2       	ldi	r24, 0x2B	; 43
 182:	f8 2e       	mov	r15, r24
 184:	00 e0       	ldi	r16, 0x00	; 0
 186:	11 e0       	ldi	r17, 0x01	; 1
  // zainicjalizuj ADC
  adc_init();
  // mierz napięcie
  uint8_t i = 0;
  while(1) {
    if(i <= 4)
 188:	c5 30       	cpi	r28, 0x05	; 5
 18a:	68 f5       	brcc	.+90     	; 0x1e6 <main+0xe6>
        LED_PORT |= _BV(LED);
 18c:	5a 9a       	sbi	0x0b, 2	; 11
    else
        LED_PORT &= ~_BV(LED);
    i++;
 18e:	cf 5f       	subi	r28, 0xFF	; 255
    i= i%8;
 190:	c7 70       	andi	r28, 0x07	; 7
    ADCSRA |= _BV(ADSC); // wykonaj konwersję
 192:	80 91 7a 00 	lds	r24, 0x007A	; 0x80007a <__TEXT_REGION_LENGTH__+0x7f807a>
 196:	80 64       	ori	r24, 0x40	; 64
 198:	80 93 7a 00 	sts	0x007A, r24	; 0x80007a <__TEXT_REGION_LENGTH__+0x7f807a>
    while (!(ADCSRA & _BV(ADIF))); // czekaj na wynik
 19c:	80 91 7a 00 	lds	r24, 0x007A	; 0x80007a <__TEXT_REGION_LENGTH__+0x7f807a>
 1a0:	84 ff       	sbrs	r24, 4
 1a2:	fc cf       	rjmp	.-8      	; 0x19c <main+0x9c>
    ADCSRA |= _BV(ADIF); // wyczyść bit ADIF (pisząc 1!)LED_DDR |= _BV(LED);
 1a4:	80 91 7a 00 	lds	r24, 0x007A	; 0x80007a <__TEXT_REGION_LENGTH__+0x7f807a>
 1a8:	80 61       	ori	r24, 0x10	; 16
 1aa:	80 93 7a 00 	sts	0x007A, r24	; 0x80007a <__TEXT_REGION_LENGTH__+0x7f807a>
    int v = Vx/ADC; // weź zmierzoną wartość (0..1023)
 1ae:	60 91 78 00 	lds	r22, 0x0078	; 0x800078 <__TEXT_REGION_LENGTH__+0x7f8078>
 1b2:	70 91 79 00 	lds	r23, 0x0079	; 0x800079 <__TEXT_REGION_LENGTH__+0x7f8079>
    printf("Odczytano: %d\r\n", v);
 1b6:	c7 01       	movw	r24, r14
 1b8:	0e 94 f5 00 	call	0x1ea	; 0x1ea <__udivmodhi4>
 1bc:	7f 93       	push	r23
 1be:	6f 93       	push	r22
 1c0:	1f 93       	push	r17
 1c2:	0f 93       	push	r16
 1c4:	0e 94 09 01 	call	0x212	; 0x212 <printf>
	#else
		//round up by default
		__ticks_dc = (uint32_t)(ceil(fabs(__tmp)));
	#endif

	__builtin_avr_delay_cycles(__ticks_dc);
 1c8:	2f ef       	ldi	r18, 0xFF	; 255
 1ca:	83 ed       	ldi	r24, 0xD3	; 211
 1cc:	90 e3       	ldi	r25, 0x30	; 48
 1ce:	21 50       	subi	r18, 0x01	; 1
 1d0:	80 40       	sbci	r24, 0x00	; 0
 1d2:	90 40       	sbci	r25, 0x00	; 0
 1d4:	e1 f7       	brne	.-8      	; 0x1ce <main+0xce>
 1d6:	00 c0       	rjmp	.+0      	; 0x1d8 <main+0xd8>
 1d8:	00 00       	nop
 1da:	0f 90       	pop	r0
 1dc:	0f 90       	pop	r0
 1de:	0f 90       	pop	r0
 1e0:	0f 90       	pop	r0
  // zainicjalizuj ADC
  adc_init();
  // mierz napięcie
  uint8_t i = 0;
  while(1) {
    if(i <= 4)
 1e2:	c5 30       	cpi	r28, 0x05	; 5
 1e4:	98 f2       	brcs	.-90     	; 0x18c <main+0x8c>
        LED_PORT |= _BV(LED);
    else
        LED_PORT &= ~_BV(LED);
 1e6:	5a 98       	cbi	0x0b, 2	; 11
 1e8:	d2 cf       	rjmp	.-92     	; 0x18e <main+0x8e>

000001ea <__udivmodhi4>:
 1ea:	aa 1b       	sub	r26, r26
 1ec:	bb 1b       	sub	r27, r27
 1ee:	51 e1       	ldi	r21, 0x11	; 17
 1f0:	07 c0       	rjmp	.+14     	; 0x200 <__udivmodhi4_ep>

000001f2 <__udivmodhi4_loop>:
 1f2:	aa 1f       	adc	r26, r26
 1f4:	bb 1f       	adc	r27, r27
 1f6:	a6 17       	cp	r26, r22
 1f8:	b7 07       	cpc	r27, r23
 1fa:	10 f0       	brcs	.+4      	; 0x200 <__udivmodhi4_ep>
 1fc:	a6 1b       	sub	r26, r22
 1fe:	b7 0b       	sbc	r27, r23

00000200 <__udivmodhi4_ep>:
 200:	88 1f       	adc	r24, r24
 202:	99 1f       	adc	r25, r25
 204:	5a 95       	dec	r21
 206:	a9 f7       	brne	.-22     	; 0x1f2 <__udivmodhi4_loop>
 208:	80 95       	com	r24
 20a:	90 95       	com	r25
 20c:	bc 01       	movw	r22, r24
 20e:	cd 01       	movw	r24, r26
 210:	08 95       	ret

00000212 <printf>:
 212:	a0 e0       	ldi	r26, 0x00	; 0
 214:	b0 e0       	ldi	r27, 0x00	; 0
 216:	ef e0       	ldi	r30, 0x0F	; 15
 218:	f1 e0       	ldi	r31, 0x01	; 1
 21a:	0c 94 c0 03 	jmp	0x780	; 0x780 <__prologue_saves__+0x20>
 21e:	ae 01       	movw	r20, r28
 220:	4b 5f       	subi	r20, 0xFB	; 251
 222:	5f 4f       	sbci	r21, 0xFF	; 255
 224:	fa 01       	movw	r30, r20
 226:	61 91       	ld	r22, Z+
 228:	71 91       	ld	r23, Z+
 22a:	af 01       	movw	r20, r30
 22c:	80 91 20 01 	lds	r24, 0x0120	; 0x800120 <__iob+0x2>
 230:	90 91 21 01 	lds	r25, 0x0121	; 0x800121 <__iob+0x3>
 234:	0e 94 1f 01 	call	0x23e	; 0x23e <vfprintf>
 238:	e2 e0       	ldi	r30, 0x02	; 2
 23a:	0c 94 dc 03 	jmp	0x7b8	; 0x7b8 <__epilogue_restores__+0x20>

0000023e <vfprintf>:
 23e:	ab e0       	ldi	r26, 0x0B	; 11
 240:	b0 e0       	ldi	r27, 0x00	; 0
 242:	e5 e2       	ldi	r30, 0x25	; 37
 244:	f1 e0       	ldi	r31, 0x01	; 1
 246:	0c 94 b0 03 	jmp	0x760	; 0x760 <__prologue_saves__>
 24a:	6c 01       	movw	r12, r24
 24c:	7b 01       	movw	r14, r22
 24e:	8a 01       	movw	r16, r20
 250:	fc 01       	movw	r30, r24
 252:	17 82       	std	Z+7, r1	; 0x07
 254:	16 82       	std	Z+6, r1	; 0x06
 256:	83 81       	ldd	r24, Z+3	; 0x03
 258:	81 ff       	sbrs	r24, 1
 25a:	cc c1       	rjmp	.+920    	; 0x5f4 <__EEPROM_REGION_LENGTH__+0x1f4>
 25c:	ce 01       	movw	r24, r28
 25e:	01 96       	adiw	r24, 0x01	; 1
 260:	3c 01       	movw	r6, r24
 262:	f6 01       	movw	r30, r12
 264:	93 81       	ldd	r25, Z+3	; 0x03
 266:	f7 01       	movw	r30, r14
 268:	93 fd       	sbrc	r25, 3
 26a:	85 91       	lpm	r24, Z+
 26c:	93 ff       	sbrs	r25, 3
 26e:	81 91       	ld	r24, Z+
 270:	7f 01       	movw	r14, r30
 272:	88 23       	and	r24, r24
 274:	09 f4       	brne	.+2      	; 0x278 <vfprintf+0x3a>
 276:	ba c1       	rjmp	.+884    	; 0x5ec <__EEPROM_REGION_LENGTH__+0x1ec>
 278:	85 32       	cpi	r24, 0x25	; 37
 27a:	39 f4       	brne	.+14     	; 0x28a <vfprintf+0x4c>
 27c:	93 fd       	sbrc	r25, 3
 27e:	85 91       	lpm	r24, Z+
 280:	93 ff       	sbrs	r25, 3
 282:	81 91       	ld	r24, Z+
 284:	7f 01       	movw	r14, r30
 286:	85 32       	cpi	r24, 0x25	; 37
 288:	29 f4       	brne	.+10     	; 0x294 <vfprintf+0x56>
 28a:	b6 01       	movw	r22, r12
 28c:	90 e0       	ldi	r25, 0x00	; 0
 28e:	0e 94 16 03 	call	0x62c	; 0x62c <fputc>
 292:	e7 cf       	rjmp	.-50     	; 0x262 <vfprintf+0x24>
 294:	91 2c       	mov	r9, r1
 296:	21 2c       	mov	r2, r1
 298:	31 2c       	mov	r3, r1
 29a:	ff e1       	ldi	r31, 0x1F	; 31
 29c:	f3 15       	cp	r31, r3
 29e:	d8 f0       	brcs	.+54     	; 0x2d6 <vfprintf+0x98>
 2a0:	8b 32       	cpi	r24, 0x2B	; 43
 2a2:	79 f0       	breq	.+30     	; 0x2c2 <vfprintf+0x84>
 2a4:	38 f4       	brcc	.+14     	; 0x2b4 <vfprintf+0x76>
 2a6:	80 32       	cpi	r24, 0x20	; 32
 2a8:	79 f0       	breq	.+30     	; 0x2c8 <vfprintf+0x8a>
 2aa:	83 32       	cpi	r24, 0x23	; 35
 2ac:	a1 f4       	brne	.+40     	; 0x2d6 <vfprintf+0x98>
 2ae:	23 2d       	mov	r18, r3
 2b0:	20 61       	ori	r18, 0x10	; 16
 2b2:	1d c0       	rjmp	.+58     	; 0x2ee <vfprintf+0xb0>
 2b4:	8d 32       	cpi	r24, 0x2D	; 45
 2b6:	61 f0       	breq	.+24     	; 0x2d0 <vfprintf+0x92>
 2b8:	80 33       	cpi	r24, 0x30	; 48
 2ba:	69 f4       	brne	.+26     	; 0x2d6 <vfprintf+0x98>
 2bc:	23 2d       	mov	r18, r3
 2be:	21 60       	ori	r18, 0x01	; 1
 2c0:	16 c0       	rjmp	.+44     	; 0x2ee <vfprintf+0xb0>
 2c2:	83 2d       	mov	r24, r3
 2c4:	82 60       	ori	r24, 0x02	; 2
 2c6:	38 2e       	mov	r3, r24
 2c8:	e3 2d       	mov	r30, r3
 2ca:	e4 60       	ori	r30, 0x04	; 4
 2cc:	3e 2e       	mov	r3, r30
 2ce:	2a c0       	rjmp	.+84     	; 0x324 <vfprintf+0xe6>
 2d0:	f3 2d       	mov	r31, r3
 2d2:	f8 60       	ori	r31, 0x08	; 8
 2d4:	1d c0       	rjmp	.+58     	; 0x310 <vfprintf+0xd2>
 2d6:	37 fc       	sbrc	r3, 7
 2d8:	2d c0       	rjmp	.+90     	; 0x334 <vfprintf+0xf6>
 2da:	20 ed       	ldi	r18, 0xD0	; 208
 2dc:	28 0f       	add	r18, r24
 2de:	2a 30       	cpi	r18, 0x0A	; 10
 2e0:	40 f0       	brcs	.+16     	; 0x2f2 <vfprintf+0xb4>
 2e2:	8e 32       	cpi	r24, 0x2E	; 46
 2e4:	b9 f4       	brne	.+46     	; 0x314 <vfprintf+0xd6>
 2e6:	36 fc       	sbrc	r3, 6
 2e8:	81 c1       	rjmp	.+770    	; 0x5ec <__EEPROM_REGION_LENGTH__+0x1ec>
 2ea:	23 2d       	mov	r18, r3
 2ec:	20 64       	ori	r18, 0x40	; 64
 2ee:	32 2e       	mov	r3, r18
 2f0:	19 c0       	rjmp	.+50     	; 0x324 <vfprintf+0xe6>
 2f2:	36 fe       	sbrs	r3, 6
 2f4:	06 c0       	rjmp	.+12     	; 0x302 <vfprintf+0xc4>
 2f6:	8a e0       	ldi	r24, 0x0A	; 10
 2f8:	98 9e       	mul	r9, r24
 2fa:	20 0d       	add	r18, r0
 2fc:	11 24       	eor	r1, r1
 2fe:	92 2e       	mov	r9, r18
 300:	11 c0       	rjmp	.+34     	; 0x324 <vfprintf+0xe6>
 302:	ea e0       	ldi	r30, 0x0A	; 10
 304:	2e 9e       	mul	r2, r30
 306:	20 0d       	add	r18, r0
 308:	11 24       	eor	r1, r1
 30a:	22 2e       	mov	r2, r18
 30c:	f3 2d       	mov	r31, r3
 30e:	f0 62       	ori	r31, 0x20	; 32
 310:	3f 2e       	mov	r3, r31
 312:	08 c0       	rjmp	.+16     	; 0x324 <vfprintf+0xe6>
 314:	8c 36       	cpi	r24, 0x6C	; 108
 316:	21 f4       	brne	.+8      	; 0x320 <vfprintf+0xe2>
 318:	83 2d       	mov	r24, r3
 31a:	80 68       	ori	r24, 0x80	; 128
 31c:	38 2e       	mov	r3, r24
 31e:	02 c0       	rjmp	.+4      	; 0x324 <vfprintf+0xe6>
 320:	88 36       	cpi	r24, 0x68	; 104
 322:	41 f4       	brne	.+16     	; 0x334 <vfprintf+0xf6>
 324:	f7 01       	movw	r30, r14
 326:	93 fd       	sbrc	r25, 3
 328:	85 91       	lpm	r24, Z+
 32a:	93 ff       	sbrs	r25, 3
 32c:	81 91       	ld	r24, Z+
 32e:	7f 01       	movw	r14, r30
 330:	81 11       	cpse	r24, r1
 332:	b3 cf       	rjmp	.-154    	; 0x29a <vfprintf+0x5c>
 334:	98 2f       	mov	r25, r24
 336:	9f 7d       	andi	r25, 0xDF	; 223
 338:	95 54       	subi	r25, 0x45	; 69
 33a:	93 30       	cpi	r25, 0x03	; 3
 33c:	28 f4       	brcc	.+10     	; 0x348 <vfprintf+0x10a>
 33e:	0c 5f       	subi	r16, 0xFC	; 252
 340:	1f 4f       	sbci	r17, 0xFF	; 255
 342:	9f e3       	ldi	r25, 0x3F	; 63
 344:	99 83       	std	Y+1, r25	; 0x01
 346:	0d c0       	rjmp	.+26     	; 0x362 <vfprintf+0x124>
 348:	83 36       	cpi	r24, 0x63	; 99
 34a:	31 f0       	breq	.+12     	; 0x358 <vfprintf+0x11a>
 34c:	83 37       	cpi	r24, 0x73	; 115
 34e:	71 f0       	breq	.+28     	; 0x36c <vfprintf+0x12e>
 350:	83 35       	cpi	r24, 0x53	; 83
 352:	09 f0       	breq	.+2      	; 0x356 <vfprintf+0x118>
 354:	59 c0       	rjmp	.+178    	; 0x408 <__EEPROM_REGION_LENGTH__+0x8>
 356:	21 c0       	rjmp	.+66     	; 0x39a <vfprintf+0x15c>
 358:	f8 01       	movw	r30, r16
 35a:	80 81       	ld	r24, Z
 35c:	89 83       	std	Y+1, r24	; 0x01
 35e:	0e 5f       	subi	r16, 0xFE	; 254
 360:	1f 4f       	sbci	r17, 0xFF	; 255
 362:	88 24       	eor	r8, r8
 364:	83 94       	inc	r8
 366:	91 2c       	mov	r9, r1
 368:	53 01       	movw	r10, r6
 36a:	13 c0       	rjmp	.+38     	; 0x392 <vfprintf+0x154>
 36c:	28 01       	movw	r4, r16
 36e:	f2 e0       	ldi	r31, 0x02	; 2
 370:	4f 0e       	add	r4, r31
 372:	51 1c       	adc	r5, r1
 374:	f8 01       	movw	r30, r16
 376:	a0 80       	ld	r10, Z
 378:	b1 80       	ldd	r11, Z+1	; 0x01
 37a:	36 fe       	sbrs	r3, 6
 37c:	03 c0       	rjmp	.+6      	; 0x384 <vfprintf+0x146>
 37e:	69 2d       	mov	r22, r9
 380:	70 e0       	ldi	r23, 0x00	; 0
 382:	02 c0       	rjmp	.+4      	; 0x388 <vfprintf+0x14a>
 384:	6f ef       	ldi	r22, 0xFF	; 255
 386:	7f ef       	ldi	r23, 0xFF	; 255
 388:	c5 01       	movw	r24, r10
 38a:	0e 94 0b 03 	call	0x616	; 0x616 <strnlen>
 38e:	4c 01       	movw	r8, r24
 390:	82 01       	movw	r16, r4
 392:	f3 2d       	mov	r31, r3
 394:	ff 77       	andi	r31, 0x7F	; 127
 396:	3f 2e       	mov	r3, r31
 398:	16 c0       	rjmp	.+44     	; 0x3c6 <vfprintf+0x188>
 39a:	28 01       	movw	r4, r16
 39c:	22 e0       	ldi	r18, 0x02	; 2
 39e:	42 0e       	add	r4, r18
 3a0:	51 1c       	adc	r5, r1
 3a2:	f8 01       	movw	r30, r16
 3a4:	a0 80       	ld	r10, Z
 3a6:	b1 80       	ldd	r11, Z+1	; 0x01
 3a8:	36 fe       	sbrs	r3, 6
 3aa:	03 c0       	rjmp	.+6      	; 0x3b2 <vfprintf+0x174>
 3ac:	69 2d       	mov	r22, r9
 3ae:	70 e0       	ldi	r23, 0x00	; 0
 3b0:	02 c0       	rjmp	.+4      	; 0x3b6 <vfprintf+0x178>
 3b2:	6f ef       	ldi	r22, 0xFF	; 255
 3b4:	7f ef       	ldi	r23, 0xFF	; 255
 3b6:	c5 01       	movw	r24, r10
 3b8:	0e 94 00 03 	call	0x600	; 0x600 <strnlen_P>
 3bc:	4c 01       	movw	r8, r24
 3be:	f3 2d       	mov	r31, r3
 3c0:	f0 68       	ori	r31, 0x80	; 128
 3c2:	3f 2e       	mov	r3, r31
 3c4:	82 01       	movw	r16, r4
 3c6:	33 fc       	sbrc	r3, 3
 3c8:	1b c0       	rjmp	.+54     	; 0x400 <__EEPROM_REGION_LENGTH__>
 3ca:	82 2d       	mov	r24, r2
 3cc:	90 e0       	ldi	r25, 0x00	; 0
 3ce:	88 16       	cp	r8, r24
 3d0:	99 06       	cpc	r9, r25
 3d2:	b0 f4       	brcc	.+44     	; 0x400 <__EEPROM_REGION_LENGTH__>
 3d4:	b6 01       	movw	r22, r12
 3d6:	80 e2       	ldi	r24, 0x20	; 32
 3d8:	90 e0       	ldi	r25, 0x00	; 0
 3da:	0e 94 16 03 	call	0x62c	; 0x62c <fputc>
 3de:	2a 94       	dec	r2
 3e0:	f4 cf       	rjmp	.-24     	; 0x3ca <vfprintf+0x18c>
 3e2:	f5 01       	movw	r30, r10
 3e4:	37 fc       	sbrc	r3, 7
 3e6:	85 91       	lpm	r24, Z+
 3e8:	37 fe       	sbrs	r3, 7
 3ea:	81 91       	ld	r24, Z+
 3ec:	5f 01       	movw	r10, r30
 3ee:	b6 01       	movw	r22, r12
 3f0:	90 e0       	ldi	r25, 0x00	; 0
 3f2:	0e 94 16 03 	call	0x62c	; 0x62c <fputc>
 3f6:	21 10       	cpse	r2, r1
 3f8:	2a 94       	dec	r2
 3fa:	21 e0       	ldi	r18, 0x01	; 1
 3fc:	82 1a       	sub	r8, r18
 3fe:	91 08       	sbc	r9, r1
 400:	81 14       	cp	r8, r1
 402:	91 04       	cpc	r9, r1
 404:	71 f7       	brne	.-36     	; 0x3e2 <vfprintf+0x1a4>
 406:	e8 c0       	rjmp	.+464    	; 0x5d8 <__EEPROM_REGION_LENGTH__+0x1d8>
 408:	84 36       	cpi	r24, 0x64	; 100
 40a:	11 f0       	breq	.+4      	; 0x410 <__EEPROM_REGION_LENGTH__+0x10>
 40c:	89 36       	cpi	r24, 0x69	; 105
 40e:	41 f5       	brne	.+80     	; 0x460 <__EEPROM_REGION_LENGTH__+0x60>
 410:	f8 01       	movw	r30, r16
 412:	37 fe       	sbrs	r3, 7
 414:	07 c0       	rjmp	.+14     	; 0x424 <__EEPROM_REGION_LENGTH__+0x24>
 416:	60 81       	ld	r22, Z
 418:	71 81       	ldd	r23, Z+1	; 0x01
 41a:	82 81       	ldd	r24, Z+2	; 0x02
 41c:	93 81       	ldd	r25, Z+3	; 0x03
 41e:	0c 5f       	subi	r16, 0xFC	; 252
 420:	1f 4f       	sbci	r17, 0xFF	; 255
 422:	08 c0       	rjmp	.+16     	; 0x434 <__EEPROM_REGION_LENGTH__+0x34>
 424:	60 81       	ld	r22, Z
 426:	71 81       	ldd	r23, Z+1	; 0x01
 428:	07 2e       	mov	r0, r23
 42a:	00 0c       	add	r0, r0
 42c:	88 0b       	sbc	r24, r24
 42e:	99 0b       	sbc	r25, r25
 430:	0e 5f       	subi	r16, 0xFE	; 254
 432:	1f 4f       	sbci	r17, 0xFF	; 255
 434:	f3 2d       	mov	r31, r3
 436:	ff 76       	andi	r31, 0x6F	; 111
 438:	3f 2e       	mov	r3, r31
 43a:	97 ff       	sbrs	r25, 7
 43c:	09 c0       	rjmp	.+18     	; 0x450 <__EEPROM_REGION_LENGTH__+0x50>
 43e:	90 95       	com	r25
 440:	80 95       	com	r24
 442:	70 95       	com	r23
 444:	61 95       	neg	r22
 446:	7f 4f       	sbci	r23, 0xFF	; 255
 448:	8f 4f       	sbci	r24, 0xFF	; 255
 44a:	9f 4f       	sbci	r25, 0xFF	; 255
 44c:	f0 68       	ori	r31, 0x80	; 128
 44e:	3f 2e       	mov	r3, r31
 450:	2a e0       	ldi	r18, 0x0A	; 10
 452:	30 e0       	ldi	r19, 0x00	; 0
 454:	a3 01       	movw	r20, r6
 456:	0e 94 52 03 	call	0x6a4	; 0x6a4 <__ultoa_invert>
 45a:	88 2e       	mov	r8, r24
 45c:	86 18       	sub	r8, r6
 45e:	45 c0       	rjmp	.+138    	; 0x4ea <__EEPROM_REGION_LENGTH__+0xea>
 460:	85 37       	cpi	r24, 0x75	; 117
 462:	31 f4       	brne	.+12     	; 0x470 <__EEPROM_REGION_LENGTH__+0x70>
 464:	23 2d       	mov	r18, r3
 466:	2f 7e       	andi	r18, 0xEF	; 239
 468:	b2 2e       	mov	r11, r18
 46a:	2a e0       	ldi	r18, 0x0A	; 10
 46c:	30 e0       	ldi	r19, 0x00	; 0
 46e:	25 c0       	rjmp	.+74     	; 0x4ba <__EEPROM_REGION_LENGTH__+0xba>
 470:	93 2d       	mov	r25, r3
 472:	99 7f       	andi	r25, 0xF9	; 249
 474:	b9 2e       	mov	r11, r25
 476:	8f 36       	cpi	r24, 0x6F	; 111
 478:	c1 f0       	breq	.+48     	; 0x4aa <__EEPROM_REGION_LENGTH__+0xaa>
 47a:	18 f4       	brcc	.+6      	; 0x482 <__EEPROM_REGION_LENGTH__+0x82>
 47c:	88 35       	cpi	r24, 0x58	; 88
 47e:	79 f0       	breq	.+30     	; 0x49e <__EEPROM_REGION_LENGTH__+0x9e>
 480:	b5 c0       	rjmp	.+362    	; 0x5ec <__EEPROM_REGION_LENGTH__+0x1ec>
 482:	80 37       	cpi	r24, 0x70	; 112
 484:	19 f0       	breq	.+6      	; 0x48c <__EEPROM_REGION_LENGTH__+0x8c>
 486:	88 37       	cpi	r24, 0x78	; 120
 488:	21 f0       	breq	.+8      	; 0x492 <__EEPROM_REGION_LENGTH__+0x92>
 48a:	b0 c0       	rjmp	.+352    	; 0x5ec <__EEPROM_REGION_LENGTH__+0x1ec>
 48c:	e9 2f       	mov	r30, r25
 48e:	e0 61       	ori	r30, 0x10	; 16
 490:	be 2e       	mov	r11, r30
 492:	b4 fe       	sbrs	r11, 4
 494:	0d c0       	rjmp	.+26     	; 0x4b0 <__EEPROM_REGION_LENGTH__+0xb0>
 496:	fb 2d       	mov	r31, r11
 498:	f4 60       	ori	r31, 0x04	; 4
 49a:	bf 2e       	mov	r11, r31
 49c:	09 c0       	rjmp	.+18     	; 0x4b0 <__EEPROM_REGION_LENGTH__+0xb0>
 49e:	34 fe       	sbrs	r3, 4
 4a0:	0a c0       	rjmp	.+20     	; 0x4b6 <__EEPROM_REGION_LENGTH__+0xb6>
 4a2:	29 2f       	mov	r18, r25
 4a4:	26 60       	ori	r18, 0x06	; 6
 4a6:	b2 2e       	mov	r11, r18
 4a8:	06 c0       	rjmp	.+12     	; 0x4b6 <__EEPROM_REGION_LENGTH__+0xb6>
 4aa:	28 e0       	ldi	r18, 0x08	; 8
 4ac:	30 e0       	ldi	r19, 0x00	; 0
 4ae:	05 c0       	rjmp	.+10     	; 0x4ba <__EEPROM_REGION_LENGTH__+0xba>
 4b0:	20 e1       	ldi	r18, 0x10	; 16
 4b2:	30 e0       	ldi	r19, 0x00	; 0
 4b4:	02 c0       	rjmp	.+4      	; 0x4ba <__EEPROM_REGION_LENGTH__+0xba>
 4b6:	20 e1       	ldi	r18, 0x10	; 16
 4b8:	32 e0       	ldi	r19, 0x02	; 2
 4ba:	f8 01       	movw	r30, r16
 4bc:	b7 fe       	sbrs	r11, 7
 4be:	07 c0       	rjmp	.+14     	; 0x4ce <__EEPROM_REGION_LENGTH__+0xce>
 4c0:	60 81       	ld	r22, Z
 4c2:	71 81       	ldd	r23, Z+1	; 0x01
 4c4:	82 81       	ldd	r24, Z+2	; 0x02
 4c6:	93 81       	ldd	r25, Z+3	; 0x03
 4c8:	0c 5f       	subi	r16, 0xFC	; 252
 4ca:	1f 4f       	sbci	r17, 0xFF	; 255
 4cc:	06 c0       	rjmp	.+12     	; 0x4da <__EEPROM_REGION_LENGTH__+0xda>
 4ce:	60 81       	ld	r22, Z
 4d0:	71 81       	ldd	r23, Z+1	; 0x01
 4d2:	80 e0       	ldi	r24, 0x00	; 0
 4d4:	90 e0       	ldi	r25, 0x00	; 0
 4d6:	0e 5f       	subi	r16, 0xFE	; 254
 4d8:	1f 4f       	sbci	r17, 0xFF	; 255
 4da:	a3 01       	movw	r20, r6
 4dc:	0e 94 52 03 	call	0x6a4	; 0x6a4 <__ultoa_invert>
 4e0:	88 2e       	mov	r8, r24
 4e2:	86 18       	sub	r8, r6
 4e4:	fb 2d       	mov	r31, r11
 4e6:	ff 77       	andi	r31, 0x7F	; 127
 4e8:	3f 2e       	mov	r3, r31
 4ea:	36 fe       	sbrs	r3, 6
 4ec:	0d c0       	rjmp	.+26     	; 0x508 <__EEPROM_REGION_LENGTH__+0x108>
 4ee:	23 2d       	mov	r18, r3
 4f0:	2e 7f       	andi	r18, 0xFE	; 254
 4f2:	a2 2e       	mov	r10, r18
 4f4:	89 14       	cp	r8, r9
 4f6:	58 f4       	brcc	.+22     	; 0x50e <__EEPROM_REGION_LENGTH__+0x10e>
 4f8:	34 fe       	sbrs	r3, 4
 4fa:	0b c0       	rjmp	.+22     	; 0x512 <__EEPROM_REGION_LENGTH__+0x112>
 4fc:	32 fc       	sbrc	r3, 2
 4fe:	09 c0       	rjmp	.+18     	; 0x512 <__EEPROM_REGION_LENGTH__+0x112>
 500:	83 2d       	mov	r24, r3
 502:	8e 7e       	andi	r24, 0xEE	; 238
 504:	a8 2e       	mov	r10, r24
 506:	05 c0       	rjmp	.+10     	; 0x512 <__EEPROM_REGION_LENGTH__+0x112>
 508:	b8 2c       	mov	r11, r8
 50a:	a3 2c       	mov	r10, r3
 50c:	03 c0       	rjmp	.+6      	; 0x514 <__EEPROM_REGION_LENGTH__+0x114>
 50e:	b8 2c       	mov	r11, r8
 510:	01 c0       	rjmp	.+2      	; 0x514 <__EEPROM_REGION_LENGTH__+0x114>
 512:	b9 2c       	mov	r11, r9
 514:	a4 fe       	sbrs	r10, 4
 516:	0f c0       	rjmp	.+30     	; 0x536 <__EEPROM_REGION_LENGTH__+0x136>
 518:	fe 01       	movw	r30, r28
 51a:	e8 0d       	add	r30, r8
 51c:	f1 1d       	adc	r31, r1
 51e:	80 81       	ld	r24, Z
 520:	80 33       	cpi	r24, 0x30	; 48
 522:	21 f4       	brne	.+8      	; 0x52c <__EEPROM_REGION_LENGTH__+0x12c>
 524:	9a 2d       	mov	r25, r10
 526:	99 7e       	andi	r25, 0xE9	; 233
 528:	a9 2e       	mov	r10, r25
 52a:	09 c0       	rjmp	.+18     	; 0x53e <__EEPROM_REGION_LENGTH__+0x13e>
 52c:	a2 fe       	sbrs	r10, 2
 52e:	06 c0       	rjmp	.+12     	; 0x53c <__EEPROM_REGION_LENGTH__+0x13c>
 530:	b3 94       	inc	r11
 532:	b3 94       	inc	r11
 534:	04 c0       	rjmp	.+8      	; 0x53e <__EEPROM_REGION_LENGTH__+0x13e>
 536:	8a 2d       	mov	r24, r10
 538:	86 78       	andi	r24, 0x86	; 134
 53a:	09 f0       	breq	.+2      	; 0x53e <__EEPROM_REGION_LENGTH__+0x13e>
 53c:	b3 94       	inc	r11
 53e:	a3 fc       	sbrc	r10, 3
 540:	11 c0       	rjmp	.+34     	; 0x564 <__EEPROM_REGION_LENGTH__+0x164>
 542:	a0 fe       	sbrs	r10, 0
 544:	06 c0       	rjmp	.+12     	; 0x552 <__EEPROM_REGION_LENGTH__+0x152>
 546:	b2 14       	cp	r11, r2
 548:	88 f4       	brcc	.+34     	; 0x56c <__EEPROM_REGION_LENGTH__+0x16c>
 54a:	28 0c       	add	r2, r8
 54c:	92 2c       	mov	r9, r2
 54e:	9b 18       	sub	r9, r11
 550:	0e c0       	rjmp	.+28     	; 0x56e <__EEPROM_REGION_LENGTH__+0x16e>
 552:	b2 14       	cp	r11, r2
 554:	60 f4       	brcc	.+24     	; 0x56e <__EEPROM_REGION_LENGTH__+0x16e>
 556:	b6 01       	movw	r22, r12
 558:	80 e2       	ldi	r24, 0x20	; 32
 55a:	90 e0       	ldi	r25, 0x00	; 0
 55c:	0e 94 16 03 	call	0x62c	; 0x62c <fputc>
 560:	b3 94       	inc	r11
 562:	f7 cf       	rjmp	.-18     	; 0x552 <__EEPROM_REGION_LENGTH__+0x152>
 564:	b2 14       	cp	r11, r2
 566:	18 f4       	brcc	.+6      	; 0x56e <__EEPROM_REGION_LENGTH__+0x16e>
 568:	2b 18       	sub	r2, r11
 56a:	02 c0       	rjmp	.+4      	; 0x570 <__EEPROM_REGION_LENGTH__+0x170>
 56c:	98 2c       	mov	r9, r8
 56e:	21 2c       	mov	r2, r1
 570:	a4 fe       	sbrs	r10, 4
 572:	10 c0       	rjmp	.+32     	; 0x594 <__EEPROM_REGION_LENGTH__+0x194>
 574:	b6 01       	movw	r22, r12
 576:	80 e3       	ldi	r24, 0x30	; 48
 578:	90 e0       	ldi	r25, 0x00	; 0
 57a:	0e 94 16 03 	call	0x62c	; 0x62c <fputc>
 57e:	a2 fe       	sbrs	r10, 2
 580:	17 c0       	rjmp	.+46     	; 0x5b0 <__EEPROM_REGION_LENGTH__+0x1b0>
 582:	a1 fc       	sbrc	r10, 1
 584:	03 c0       	rjmp	.+6      	; 0x58c <__EEPROM_REGION_LENGTH__+0x18c>
 586:	88 e7       	ldi	r24, 0x78	; 120
 588:	90 e0       	ldi	r25, 0x00	; 0
 58a:	02 c0       	rjmp	.+4      	; 0x590 <__EEPROM_REGION_LENGTH__+0x190>
 58c:	88 e5       	ldi	r24, 0x58	; 88
 58e:	90 e0       	ldi	r25, 0x00	; 0
 590:	b6 01       	movw	r22, r12
 592:	0c c0       	rjmp	.+24     	; 0x5ac <__EEPROM_REGION_LENGTH__+0x1ac>
 594:	8a 2d       	mov	r24, r10
 596:	86 78       	andi	r24, 0x86	; 134
 598:	59 f0       	breq	.+22     	; 0x5b0 <__EEPROM_REGION_LENGTH__+0x1b0>
 59a:	a1 fe       	sbrs	r10, 1
 59c:	02 c0       	rjmp	.+4      	; 0x5a2 <__EEPROM_REGION_LENGTH__+0x1a2>
 59e:	8b e2       	ldi	r24, 0x2B	; 43
 5a0:	01 c0       	rjmp	.+2      	; 0x5a4 <__EEPROM_REGION_LENGTH__+0x1a4>
 5a2:	80 e2       	ldi	r24, 0x20	; 32
 5a4:	a7 fc       	sbrc	r10, 7
 5a6:	8d e2       	ldi	r24, 0x2D	; 45
 5a8:	b6 01       	movw	r22, r12
 5aa:	90 e0       	ldi	r25, 0x00	; 0
 5ac:	0e 94 16 03 	call	0x62c	; 0x62c <fputc>
 5b0:	89 14       	cp	r8, r9
 5b2:	38 f4       	brcc	.+14     	; 0x5c2 <__EEPROM_REGION_LENGTH__+0x1c2>
 5b4:	b6 01       	movw	r22, r12
 5b6:	80 e3       	ldi	r24, 0x30	; 48
 5b8:	90 e0       	ldi	r25, 0x00	; 0
 5ba:	0e 94 16 03 	call	0x62c	; 0x62c <fputc>
 5be:	9a 94       	dec	r9
 5c0:	f7 cf       	rjmp	.-18     	; 0x5b0 <__EEPROM_REGION_LENGTH__+0x1b0>
 5c2:	8a 94       	dec	r8
 5c4:	f3 01       	movw	r30, r6
 5c6:	e8 0d       	add	r30, r8
 5c8:	f1 1d       	adc	r31, r1
 5ca:	80 81       	ld	r24, Z
 5cc:	b6 01       	movw	r22, r12
 5ce:	90 e0       	ldi	r25, 0x00	; 0
 5d0:	0e 94 16 03 	call	0x62c	; 0x62c <fputc>
 5d4:	81 10       	cpse	r8, r1
 5d6:	f5 cf       	rjmp	.-22     	; 0x5c2 <__EEPROM_REGION_LENGTH__+0x1c2>
 5d8:	22 20       	and	r2, r2
 5da:	09 f4       	brne	.+2      	; 0x5de <__EEPROM_REGION_LENGTH__+0x1de>
 5dc:	42 ce       	rjmp	.-892    	; 0x262 <vfprintf+0x24>
 5de:	b6 01       	movw	r22, r12
 5e0:	80 e2       	ldi	r24, 0x20	; 32
 5e2:	90 e0       	ldi	r25, 0x00	; 0
 5e4:	0e 94 16 03 	call	0x62c	; 0x62c <fputc>
 5e8:	2a 94       	dec	r2
 5ea:	f6 cf       	rjmp	.-20     	; 0x5d8 <__EEPROM_REGION_LENGTH__+0x1d8>
 5ec:	f6 01       	movw	r30, r12
 5ee:	86 81       	ldd	r24, Z+6	; 0x06
 5f0:	97 81       	ldd	r25, Z+7	; 0x07
 5f2:	02 c0       	rjmp	.+4      	; 0x5f8 <__EEPROM_REGION_LENGTH__+0x1f8>
 5f4:	8f ef       	ldi	r24, 0xFF	; 255
 5f6:	9f ef       	ldi	r25, 0xFF	; 255
 5f8:	2b 96       	adiw	r28, 0x0b	; 11
 5fa:	e2 e1       	ldi	r30, 0x12	; 18
 5fc:	0c 94 cc 03 	jmp	0x798	; 0x798 <__epilogue_restores__>

00000600 <strnlen_P>:
 600:	fc 01       	movw	r30, r24
 602:	05 90       	lpm	r0, Z+
 604:	61 50       	subi	r22, 0x01	; 1
 606:	70 40       	sbci	r23, 0x00	; 0
 608:	01 10       	cpse	r0, r1
 60a:	d8 f7       	brcc	.-10     	; 0x602 <strnlen_P+0x2>
 60c:	80 95       	com	r24
 60e:	90 95       	com	r25
 610:	8e 0f       	add	r24, r30
 612:	9f 1f       	adc	r25, r31
 614:	08 95       	ret

00000616 <strnlen>:
 616:	fc 01       	movw	r30, r24
 618:	61 50       	subi	r22, 0x01	; 1
 61a:	70 40       	sbci	r23, 0x00	; 0
 61c:	01 90       	ld	r0, Z+
 61e:	01 10       	cpse	r0, r1
 620:	d8 f7       	brcc	.-10     	; 0x618 <strnlen+0x2>
 622:	80 95       	com	r24
 624:	90 95       	com	r25
 626:	8e 0f       	add	r24, r30
 628:	9f 1f       	adc	r25, r31
 62a:	08 95       	ret

0000062c <fputc>:
 62c:	0f 93       	push	r16
 62e:	1f 93       	push	r17
 630:	cf 93       	push	r28
 632:	df 93       	push	r29
 634:	fb 01       	movw	r30, r22
 636:	23 81       	ldd	r18, Z+3	; 0x03
 638:	21 fd       	sbrc	r18, 1
 63a:	03 c0       	rjmp	.+6      	; 0x642 <fputc+0x16>
 63c:	8f ef       	ldi	r24, 0xFF	; 255
 63e:	9f ef       	ldi	r25, 0xFF	; 255
 640:	2c c0       	rjmp	.+88     	; 0x69a <fputc+0x6e>
 642:	22 ff       	sbrs	r18, 2
 644:	16 c0       	rjmp	.+44     	; 0x672 <fputc+0x46>
 646:	46 81       	ldd	r20, Z+6	; 0x06
 648:	57 81       	ldd	r21, Z+7	; 0x07
 64a:	24 81       	ldd	r18, Z+4	; 0x04
 64c:	35 81       	ldd	r19, Z+5	; 0x05
 64e:	42 17       	cp	r20, r18
 650:	53 07       	cpc	r21, r19
 652:	44 f4       	brge	.+16     	; 0x664 <fputc+0x38>
 654:	a0 81       	ld	r26, Z
 656:	b1 81       	ldd	r27, Z+1	; 0x01
 658:	9d 01       	movw	r18, r26
 65a:	2f 5f       	subi	r18, 0xFF	; 255
 65c:	3f 4f       	sbci	r19, 0xFF	; 255
 65e:	31 83       	std	Z+1, r19	; 0x01
 660:	20 83       	st	Z, r18
 662:	8c 93       	st	X, r24
 664:	26 81       	ldd	r18, Z+6	; 0x06
 666:	37 81       	ldd	r19, Z+7	; 0x07
 668:	2f 5f       	subi	r18, 0xFF	; 255
 66a:	3f 4f       	sbci	r19, 0xFF	; 255
 66c:	37 83       	std	Z+7, r19	; 0x07
 66e:	26 83       	std	Z+6, r18	; 0x06
 670:	14 c0       	rjmp	.+40     	; 0x69a <fputc+0x6e>
 672:	8b 01       	movw	r16, r22
 674:	ec 01       	movw	r28, r24
 676:	fb 01       	movw	r30, r22
 678:	00 84       	ldd	r0, Z+8	; 0x08
 67a:	f1 85       	ldd	r31, Z+9	; 0x09
 67c:	e0 2d       	mov	r30, r0
 67e:	09 95       	icall
 680:	89 2b       	or	r24, r25
 682:	e1 f6       	brne	.-72     	; 0x63c <fputc+0x10>
 684:	d8 01       	movw	r26, r16
 686:	16 96       	adiw	r26, 0x06	; 6
 688:	8d 91       	ld	r24, X+
 68a:	9c 91       	ld	r25, X
 68c:	17 97       	sbiw	r26, 0x07	; 7
 68e:	01 96       	adiw	r24, 0x01	; 1
 690:	17 96       	adiw	r26, 0x07	; 7
 692:	9c 93       	st	X, r25
 694:	8e 93       	st	-X, r24
 696:	16 97       	sbiw	r26, 0x06	; 6
 698:	ce 01       	movw	r24, r28
 69a:	df 91       	pop	r29
 69c:	cf 91       	pop	r28
 69e:	1f 91       	pop	r17
 6a0:	0f 91       	pop	r16
 6a2:	08 95       	ret

000006a4 <__ultoa_invert>:
 6a4:	fa 01       	movw	r30, r20
 6a6:	aa 27       	eor	r26, r26
 6a8:	28 30       	cpi	r18, 0x08	; 8
 6aa:	51 f1       	breq	.+84     	; 0x700 <__ultoa_invert+0x5c>
 6ac:	20 31       	cpi	r18, 0x10	; 16
 6ae:	81 f1       	breq	.+96     	; 0x710 <__ultoa_invert+0x6c>
 6b0:	e8 94       	clt
 6b2:	6f 93       	push	r22
 6b4:	6e 7f       	andi	r22, 0xFE	; 254
 6b6:	6e 5f       	subi	r22, 0xFE	; 254
 6b8:	7f 4f       	sbci	r23, 0xFF	; 255
 6ba:	8f 4f       	sbci	r24, 0xFF	; 255
 6bc:	9f 4f       	sbci	r25, 0xFF	; 255
 6be:	af 4f       	sbci	r26, 0xFF	; 255
 6c0:	b1 e0       	ldi	r27, 0x01	; 1
 6c2:	3e d0       	rcall	.+124    	; 0x740 <__ultoa_invert+0x9c>
 6c4:	b4 e0       	ldi	r27, 0x04	; 4
 6c6:	3c d0       	rcall	.+120    	; 0x740 <__ultoa_invert+0x9c>
 6c8:	67 0f       	add	r22, r23
 6ca:	78 1f       	adc	r23, r24
 6cc:	89 1f       	adc	r24, r25
 6ce:	9a 1f       	adc	r25, r26
 6d0:	a1 1d       	adc	r26, r1
 6d2:	68 0f       	add	r22, r24
 6d4:	79 1f       	adc	r23, r25
 6d6:	8a 1f       	adc	r24, r26
 6d8:	91 1d       	adc	r25, r1
 6da:	a1 1d       	adc	r26, r1
 6dc:	6a 0f       	add	r22, r26
 6de:	71 1d       	adc	r23, r1
 6e0:	81 1d       	adc	r24, r1
 6e2:	91 1d       	adc	r25, r1
 6e4:	a1 1d       	adc	r26, r1
 6e6:	20 d0       	rcall	.+64     	; 0x728 <__ultoa_invert+0x84>
 6e8:	09 f4       	brne	.+2      	; 0x6ec <__ultoa_invert+0x48>
 6ea:	68 94       	set
 6ec:	3f 91       	pop	r19
 6ee:	2a e0       	ldi	r18, 0x0A	; 10
 6f0:	26 9f       	mul	r18, r22
 6f2:	11 24       	eor	r1, r1
 6f4:	30 19       	sub	r19, r0
 6f6:	30 5d       	subi	r19, 0xD0	; 208
 6f8:	31 93       	st	Z+, r19
 6fa:	de f6       	brtc	.-74     	; 0x6b2 <__ultoa_invert+0xe>
 6fc:	cf 01       	movw	r24, r30
 6fe:	08 95       	ret
 700:	46 2f       	mov	r20, r22
 702:	47 70       	andi	r20, 0x07	; 7
 704:	40 5d       	subi	r20, 0xD0	; 208
 706:	41 93       	st	Z+, r20
 708:	b3 e0       	ldi	r27, 0x03	; 3
 70a:	0f d0       	rcall	.+30     	; 0x72a <__ultoa_invert+0x86>
 70c:	c9 f7       	brne	.-14     	; 0x700 <__ultoa_invert+0x5c>
 70e:	f6 cf       	rjmp	.-20     	; 0x6fc <__ultoa_invert+0x58>
 710:	46 2f       	mov	r20, r22
 712:	4f 70       	andi	r20, 0x0F	; 15
 714:	40 5d       	subi	r20, 0xD0	; 208
 716:	4a 33       	cpi	r20, 0x3A	; 58
 718:	18 f0       	brcs	.+6      	; 0x720 <__ultoa_invert+0x7c>
 71a:	49 5d       	subi	r20, 0xD9	; 217
 71c:	31 fd       	sbrc	r19, 1
 71e:	40 52       	subi	r20, 0x20	; 32
 720:	41 93       	st	Z+, r20
 722:	02 d0       	rcall	.+4      	; 0x728 <__ultoa_invert+0x84>
 724:	a9 f7       	brne	.-22     	; 0x710 <__ultoa_invert+0x6c>
 726:	ea cf       	rjmp	.-44     	; 0x6fc <__ultoa_invert+0x58>
 728:	b4 e0       	ldi	r27, 0x04	; 4
 72a:	a6 95       	lsr	r26
 72c:	97 95       	ror	r25
 72e:	87 95       	ror	r24
 730:	77 95       	ror	r23
 732:	67 95       	ror	r22
 734:	ba 95       	dec	r27
 736:	c9 f7       	brne	.-14     	; 0x72a <__ultoa_invert+0x86>
 738:	00 97       	sbiw	r24, 0x00	; 0
 73a:	61 05       	cpc	r22, r1
 73c:	71 05       	cpc	r23, r1
 73e:	08 95       	ret
 740:	9b 01       	movw	r18, r22
 742:	ac 01       	movw	r20, r24
 744:	0a 2e       	mov	r0, r26
 746:	06 94       	lsr	r0
 748:	57 95       	ror	r21
 74a:	47 95       	ror	r20
 74c:	37 95       	ror	r19
 74e:	27 95       	ror	r18
 750:	ba 95       	dec	r27
 752:	c9 f7       	brne	.-14     	; 0x746 <__ultoa_invert+0xa2>
 754:	62 0f       	add	r22, r18
 756:	73 1f       	adc	r23, r19
 758:	84 1f       	adc	r24, r20
 75a:	95 1f       	adc	r25, r21
 75c:	a0 1d       	adc	r26, r0
 75e:	08 95       	ret

00000760 <__prologue_saves__>:
 760:	2f 92       	push	r2
 762:	3f 92       	push	r3
 764:	4f 92       	push	r4
 766:	5f 92       	push	r5
 768:	6f 92       	push	r6
 76a:	7f 92       	push	r7
 76c:	8f 92       	push	r8
 76e:	9f 92       	push	r9
 770:	af 92       	push	r10
 772:	bf 92       	push	r11
 774:	cf 92       	push	r12
 776:	df 92       	push	r13
 778:	ef 92       	push	r14
 77a:	ff 92       	push	r15
 77c:	0f 93       	push	r16
 77e:	1f 93       	push	r17
 780:	cf 93       	push	r28
 782:	df 93       	push	r29
 784:	cd b7       	in	r28, 0x3d	; 61
 786:	de b7       	in	r29, 0x3e	; 62
 788:	ca 1b       	sub	r28, r26
 78a:	db 0b       	sbc	r29, r27
 78c:	0f b6       	in	r0, 0x3f	; 63
 78e:	f8 94       	cli
 790:	de bf       	out	0x3e, r29	; 62
 792:	0f be       	out	0x3f, r0	; 63
 794:	cd bf       	out	0x3d, r28	; 61
 796:	09 94       	ijmp

00000798 <__epilogue_restores__>:
 798:	2a 88       	ldd	r2, Y+18	; 0x12
 79a:	39 88       	ldd	r3, Y+17	; 0x11
 79c:	48 88       	ldd	r4, Y+16	; 0x10
 79e:	5f 84       	ldd	r5, Y+15	; 0x0f
 7a0:	6e 84       	ldd	r6, Y+14	; 0x0e
 7a2:	7d 84       	ldd	r7, Y+13	; 0x0d
 7a4:	8c 84       	ldd	r8, Y+12	; 0x0c
 7a6:	9b 84       	ldd	r9, Y+11	; 0x0b
 7a8:	aa 84       	ldd	r10, Y+10	; 0x0a
 7aa:	b9 84       	ldd	r11, Y+9	; 0x09
 7ac:	c8 84       	ldd	r12, Y+8	; 0x08
 7ae:	df 80       	ldd	r13, Y+7	; 0x07
 7b0:	ee 80       	ldd	r14, Y+6	; 0x06
 7b2:	fd 80       	ldd	r15, Y+5	; 0x05
 7b4:	0c 81       	ldd	r16, Y+4	; 0x04
 7b6:	1b 81       	ldd	r17, Y+3	; 0x03
 7b8:	aa 81       	ldd	r26, Y+2	; 0x02
 7ba:	b9 81       	ldd	r27, Y+1	; 0x01
 7bc:	ce 0f       	add	r28, r30
 7be:	d1 1d       	adc	r29, r1
 7c0:	0f b6       	in	r0, 0x3f	; 63
 7c2:	f8 94       	cli
 7c4:	de bf       	out	0x3e, r29	; 62
 7c6:	0f be       	out	0x3f, r0	; 63
 7c8:	cd bf       	out	0x3d, r28	; 61
 7ca:	ed 01       	movw	r28, r26
 7cc:	08 95       	ret

000007ce <_exit>:
 7ce:	f8 94       	cli

000007d0 <__stop_program>:
 7d0:	ff cf       	rjmp	.-2      	; 0x7d0 <__stop_program>
